// Jest Snapshot v1, https://goo.gl/fbAQLP

exports[`<HomeScreen /> should render the page 1`] = `
.c0 {
  font-family: sans-serif;
}

<div>
  <main>
    <h1
      class="c0"
    >
      Home
    </h1>
  </main>
</div>
`;
